// Jest Snapshot v1, https://goo.gl/fbAQLP

exports[`Store should display results when necessary data is provided 1`] = `
Array [
  Object {
    "accountNumber": "+7 123 456 78 90",
    "amount": "900",
    "date": "6/29 8:27:06",
    "id": "306fdedb-26ee-4245-be95-f5722c063f1f",
  },
  Object {
    "accountNumber": "+7 800 000 08 90",
    "amount": "300",
    "date": "6/29 9:00:00",
    "id": "e6d74c35-5b7b-4de7-8932-1503967b878b",
  },
  Object {
    "accountNumber": "+7 872 321 00 32",
    "amount": "500",
    "date": "6/29 12:23:11",
    "id": "e6d74c35-5b7b-4de7-8932-1503967b878b",
  },
]
`;
